Opening MIDI input 'GX-10'...
Opening MIDI output 'GX-10'...
  output: GX-10
  mem   0: 0x20000000 'NATURAL AMP HB  '
  mem   1: 0x20060000 'BOUTIQUE AMP HB '
  mem   2: 0x200C0000 'SUPREME AMP HB  '
  mem   3: 0x20120000 'MAXIMUM AMP HB  '
  mem   4: 0x20180000 'JUGGERNAUT HB   '
  mem   5: 0x201E0000 'X-CRUNCH AMP HB '
  mem   6: 0x20240000 'EMPTY           '
  mem   7: 0x202A0000 'X-MODDED AMP HB '
  mem   8: 0x20300000 'JC120 AMP HB    '
  mem   9: 0x20360000 'TWIN CMB AMP HB '
  mem  10: 0x203C0000 'DELUXE AMP HB   '
  mem  11: 0x20420000 'TWEED CMB AMP HB'
  mem  12: 0x20480000 'DIAMOND AMP HB  '
  mem  13: 0x204E0000 'BRIT STK AMP HB '
  mem  14: 0x20540000 'RECTI STK AMP HB'
  mem  15: 0x205A0000 'MATCH CMB AMP HB'
  mem  16: 0x20600000 'BG COMBO AMP HB '
  mem  17: 0x20660000 'ORNG STK AMP HB '
  mem  18: 0x206C0000 'BGNR UB AMP HB  '
  mem  19: 0x20720000 'AC SIM HB       '
  mem  20: 0x20780000 'METAL MR 2      '
  mem  21: 0x207E0000 'METAL MR 3      '
